[debug] [2025-12-12T10:50:58.002Z] > command requires scopes: ["email","openid","https://www.googleapis.com/auth/cloudplatformprojects.readonly","https://www.googleapis.com/auth/firebase","https://www.googleapis.com/auth/cloud-platform"]
[debug] [2025-12-12T10:50:58.003Z] > authorizing via signed-in user (hirohirohiro112607@gmail.com)
[debug] [2025-12-12T10:50:58.010Z] > command requires scopes: ["email","openid","https://www.googleapis.com/auth/cloudplatformprojects.readonly","https://www.googleapis.com/auth/firebase","https://www.googleapis.com/auth/cloud-platform"]
[debug] [2025-12-12T10:50:58.011Z] > authorizing via signed-in user (hirohirohiro112607@gmail.com)
[debug] [2025-12-12T10:50:58.030Z] Checked if tokens are valid: false, expires at: 1765516904637
[debug] [2025-12-12T10:50:58.030Z] Checked if tokens are valid: false, expires at: 1765516904637
[debug] [2025-12-12T10:50:58.030Z] > refreshing access token with scopes: []
[debug] [2025-12-12T10:50:58.031Z] >>> [apiv2][query] POST https://www.googleapis.com/oauth2/v3/token [none]
[debug] [2025-12-12T10:50:58.031Z] >>> [apiv2][body] POST https://www.googleapis.com/oauth2/v3/token [omitted]
[debug] [2025-12-12T10:50:58.033Z] Checked if tokens are valid: false, expires at: 1765516904637
[debug] [2025-12-12T10:50:58.033Z] Checked if tokens are valid: false, expires at: 1765516904637
[debug] [2025-12-12T10:50:58.033Z] > refreshing access token with scopes: []
[debug] [2025-12-12T10:50:58.033Z] >>> [apiv2][query] POST https://www.googleapis.com/oauth2/v3/token [none]
[debug] [2025-12-12T10:50:58.033Z] >>> [apiv2][body] POST https://www.googleapis.com/oauth2/v3/token [omitted]
[debug] [2025-12-12T10:50:58.444Z] <<< [apiv2][status] POST https://www.googleapis.com/oauth2/v3/token 200
[debug] [2025-12-12T10:50:58.445Z] <<< [apiv2][body] POST https://www.googleapis.com/oauth2/v3/token [omitted]
[debug] [2025-12-12T10:50:58.459Z] >>> [apiv2][query] GET https://serviceusage.googleapis.com/v1/projects//services/firebaseappdistribution.googleapis.com [none]
[debug] [2025-12-12T10:50:58.459Z] >>> [apiv2][(partial)header] GET https://serviceusage.googleapis.com/v1/projects//services/firebaseappdistribution.googleapis.com x-goog-quota-user=projects/
[debug] [2025-12-12T10:50:58.461Z] <<< [apiv2][status] POST https://www.googleapis.com/oauth2/v3/token 200
[debug] [2025-12-12T10:50:58.461Z] <<< [apiv2][body] POST https://www.googleapis.com/oauth2/v3/token [omitted]
[debug] [2025-12-12T10:50:58.470Z] >>> [apiv2][query] GET https://serviceusage.googleapis.com/v1/projects//services/firebaseappdistribution.googleapis.com [none]
[debug] [2025-12-12T10:50:58.470Z] >>> [apiv2][(partial)header] GET https://serviceusage.googleapis.com/v1/projects//services/firebaseappdistribution.googleapis.com x-goog-quota-user=projects/
[debug] [2025-12-12T10:50:59.494Z] <<< [apiv2][status] GET https://serviceusage.googleapis.com/v1/projects//services/firebaseappdistribution.googleapis.com 400
[debug] [2025-12-12T10:50:59.494Z] <<< [apiv2][body] GET https://serviceusage.googleapis.com/v1/projects//services/firebaseappdistribution.googleapis.com [omitted]
[debug] [2025-12-12T10:50:59.495Z] <<< [apiv2][status] GET https://serviceusage.googleapis.com/v1/projects//services/firebaseappdistribution.googleapis.com 400
[debug] [2025-12-12T10:50:59.495Z] <<< [apiv2][body] GET https://serviceusage.googleapis.com/v1/projects//services/firebaseappdistribution.googleapis.com [omitted]
[debug] [2025-12-12T10:50:59.612Z] > command requires scopes: ["email","openid","https://www.googleapis.com/auth/cloudplatformprojects.readonly","https://www.googleapis.com/auth/firebase","https://www.googleapis.com/auth/cloud-platform"]
[debug] [2025-12-12T10:50:59.613Z] > authorizing via signed-in user (hirohirohiro112607@gmail.com)
[debug] [2025-12-12T10:50:59.613Z] > command requires scopes: ["email","openid","https://www.googleapis.com/auth/cloudplatformprojects.readonly","https://www.googleapis.com/auth/firebase","https://www.googleapis.com/auth/cloud-platform"]
[debug] [2025-12-12T10:50:59.613Z] > authorizing via signed-in user (hirohirohiro112607@gmail.com)
[debug] [2025-12-12T10:50:59.693Z] > command requires scopes: ["email","openid","https://www.googleapis.com/auth/cloudplatformprojects.readonly","https://www.googleapis.com/auth/firebase","https://www.googleapis.com/auth/cloud-platform"]
[debug] [2025-12-12T10:50:59.693Z] > authorizing via signed-in user (hirohirohiro112607@gmail.com)
[debug] [2025-12-12T10:50:59.694Z] > command requires scopes: ["email","openid","https://www.googleapis.com/auth/cloudplatformprojects.readonly","https://www.googleapis.com/auth/firebase","https://www.googleapis.com/auth/cloud-platform"]
[debug] [2025-12-12T10:50:59.694Z] > authorizing via signed-in user (hirohirohiro112607@gmail.com)
[debug] [2025-12-13T02:04:14.647Z] > command requires scopes: ["email","openid","https://www.googleapis.com/auth/cloudplatformprojects.readonly","https://www.googleapis.com/auth/firebase","https://www.googleapis.com/auth/cloud-platform"]
[debug] [2025-12-13T02:04:14.649Z] > authorizing via signed-in user (hirohirohiro112607@gmail.com)
[debug] [2025-12-13T02:04:14.659Z] > command requires scopes: ["email","openid","https://www.googleapis.com/auth/cloudplatformprojects.readonly","https://www.googleapis.com/auth/firebase","https://www.googleapis.com/auth/cloud-platform"]
[debug] [2025-12-13T02:04:14.659Z] > authorizing via signed-in user (hirohirohiro112607@gmail.com)
[debug] [2025-12-13T02:04:14.684Z] Checked if tokens are valid: false, expires at: 1765540257461
[debug] [2025-12-13T02:04:14.684Z] Checked if tokens are valid: false, expires at: 1765540257461
[debug] [2025-12-13T02:04:14.685Z] > refreshing access token with scopes: []
[debug] [2025-12-13T02:04:14.686Z] >>> [apiv2][query] POST https://www.googleapis.com/oauth2/v3/token [none]
[debug] [2025-12-13T02:04:14.686Z] >>> [apiv2][body] POST https://www.googleapis.com/oauth2/v3/token [omitted]
[debug] [2025-12-13T02:04:14.688Z] Checked if tokens are valid: false, expires at: 1765540257461
[debug] [2025-12-13T02:04:14.688Z] Checked if tokens are valid: false, expires at: 1765540257461
[debug] [2025-12-13T02:04:14.688Z] > refreshing access token with scopes: []
[debug] [2025-12-13T02:04:14.689Z] >>> [apiv2][query] POST https://www.googleapis.com/oauth2/v3/token [none]
[debug] [2025-12-13T02:04:14.689Z] >>> [apiv2][body] POST https://www.googleapis.com/oauth2/v3/token [omitted]
[debug] [2025-12-13T02:04:15.049Z] <<< [apiv2][status] POST https://www.googleapis.com/oauth2/v3/token 200
[debug] [2025-12-13T02:04:15.049Z] <<< [apiv2][body] POST https://www.googleapis.com/oauth2/v3/token [omitted]
[debug] [2025-12-13T02:04:15.073Z] >>> [apiv2][query] GET https://serviceusage.googleapis.com/v1/projects//services/firebaseappdistribution.googleapis.com [none]
[debug] [2025-12-13T02:04:15.073Z] >>> [apiv2][(partial)header] GET https://serviceusage.googleapis.com/v1/projects//services/firebaseappdistribution.googleapis.com x-goog-quota-user=projects/
[debug] [2025-12-13T02:04:15.075Z] <<< [apiv2][status] POST https://www.googleapis.com/oauth2/v3/token 200
[debug] [2025-12-13T02:04:15.075Z] <<< [apiv2][body] POST https://www.googleapis.com/oauth2/v3/token [omitted]
[debug] [2025-12-13T02:04:15.084Z] >>> [apiv2][query] GET https://serviceusage.googleapis.com/v1/projects//services/firebaseappdistribution.googleapis.com [none]
[debug] [2025-12-13T02:04:15.084Z] >>> [apiv2][(partial)header] GET https://serviceusage.googleapis.com/v1/projects//services/firebaseappdistribution.googleapis.com x-goog-quota-user=projects/
[debug] [2025-12-13T02:04:16.307Z] <<< [apiv2][status] GET https://serviceusage.googleapis.com/v1/projects//services/firebaseappdistribution.googleapis.com 400
[debug] [2025-12-13T02:04:16.308Z] <<< [apiv2][body] GET https://serviceusage.googleapis.com/v1/projects//services/firebaseappdistribution.googleapis.com [omitted]
[debug] [2025-12-13T02:04:16.310Z] <<< [apiv2][status] GET https://serviceusage.googleapis.com/v1/projects//services/firebaseappdistribution.googleapis.com 400
[debug] [2025-12-13T02:04:16.310Z] <<< [apiv2][body] GET https://serviceusage.googleapis.com/v1/projects//services/firebaseappdistribution.googleapis.com [omitted]
[debug] [2025-12-13T02:04:16.394Z] > command requires scopes: ["email","openid","https://www.googleapis.com/auth/cloudplatformprojects.readonly","https://www.googleapis.com/auth/firebase","https://www.googleapis.com/auth/cloud-platform"]
[debug] [2025-12-13T02:04:16.394Z] > authorizing via signed-in user (hirohirohiro112607@gmail.com)
[debug] [2025-12-13T02:04:16.394Z] > command requires scopes: ["email","openid","https://www.googleapis.com/auth/cloudplatformprojects.readonly","https://www.googleapis.com/auth/firebase","https://www.googleapis.com/auth/cloud-platform"]
[debug] [2025-12-13T02:04:16.394Z] > authorizing via signed-in user (hirohirohiro112607@gmail.com)
[debug] [2025-12-13T02:04:16.569Z] > command requires scopes: ["email","openid","https://www.googleapis.com/auth/cloudplatformprojects.readonly","https://www.googleapis.com/auth/firebase","https://www.googleapis.com/auth/cloud-platform"]
[debug] [2025-12-13T02:04:16.569Z] > authorizing via signed-in user (hirohirohiro112607@gmail.com)
[debug] [2025-12-13T02:04:16.570Z] > command requires scopes: ["email","openid","https://www.googleapis.com/auth/cloudplatformprojects.readonly","https://www.googleapis.com/auth/firebase","https://www.googleapis.com/auth/cloud-platform"]
[debug] [2025-12-13T02:04:16.570Z] > authorizing via signed-in user (hirohirohiro112607@gmail.com)
[debug] [2025-12-13T03:35:23.563Z] > command requires scopes: ["email","openid","https://www.googleapis.com/auth/cloudplatformprojects.readonly","https://www.googleapis.com/auth/firebase","https://www.googleapis.com/auth/cloud-platform"]
[debug] [2025-12-13T03:35:23.566Z] > authorizing via signed-in user (hirohirohiro112607@gmail.com)
[debug] [2025-12-13T03:35:23.576Z] > command requires scopes: ["email","openid","https://www.googleapis.com/auth/cloudplatformprojects.readonly","https://www.googleapis.com/auth/firebase","https://www.googleapis.com/auth/cloud-platform"]
[debug] [2025-12-13T03:35:23.576Z] > authorizing via signed-in user (hirohirohiro112607@gmail.com)
[debug] [2025-12-13T03:35:23.599Z] Checked if tokens are valid: false, expires at: 1765595054075
[debug] [2025-12-13T03:35:23.600Z] Checked if tokens are valid: false, expires at: 1765595054075
[debug] [2025-12-13T03:35:23.600Z] > refreshing access token with scopes: []
[debug] [2025-12-13T03:35:23.603Z] >>> [apiv2][query] POST https://www.googleapis.com/oauth2/v3/token [none]
[debug] [2025-12-13T03:35:23.607Z] >>> [apiv2][body] POST https://www.googleapis.com/oauth2/v3/token [omitted]
[debug] [2025-12-13T03:35:23.620Z] Checked if tokens are valid: false, expires at: 1765595054075
[debug] [2025-12-13T03:35:23.620Z] Checked if tokens are valid: false, expires at: 1765595054075
[debug] [2025-12-13T03:35:23.620Z] > refreshing access token with scopes: []
[debug] [2025-12-13T03:35:23.622Z] >>> [apiv2][query] POST https://www.googleapis.com/oauth2/v3/token [none]
[debug] [2025-12-13T03:35:23.622Z] >>> [apiv2][body] POST https://www.googleapis.com/oauth2/v3/token [omitted]
[debug] [2025-12-13T03:35:23.741Z] <<< [apiv2][status] POST https://www.googleapis.com/oauth2/v3/token 200
[debug] [2025-12-13T03:35:23.741Z] <<< [apiv2][body] POST https://www.googleapis.com/oauth2/v3/token [omitted]
[debug] [2025-12-13T03:35:23.763Z] >>> [apiv2][query] GET https://serviceusage.googleapis.com/v1/projects//services/firebaseappdistribution.googleapis.com [none]
[debug] [2025-12-13T03:35:23.763Z] >>> [apiv2][(partial)header] GET https://serviceusage.googleapis.com/v1/projects//services/firebaseappdistribution.googleapis.com x-goog-quota-user=projects/
[debug] [2025-12-13T03:35:23.765Z] <<< [apiv2][status] POST https://www.googleapis.com/oauth2/v3/token 200
[debug] [2025-12-13T03:35:23.765Z] <<< [apiv2][body] POST https://www.googleapis.com/oauth2/v3/token [omitted]
[debug] [2025-12-13T03:35:23.773Z] >>> [apiv2][query] GET https://serviceusage.googleapis.com/v1/projects//services/firebaseappdistribution.googleapis.com [none]
[debug] [2025-12-13T03:35:23.774Z] >>> [apiv2][(partial)header] GET https://serviceusage.googleapis.com/v1/projects//services/firebaseappdistribution.googleapis.com x-goog-quota-user=projects/
[debug] [2025-12-13T03:35:24.624Z] <<< [apiv2][status] GET https://serviceusage.googleapis.com/v1/projects//services/firebaseappdistribution.googleapis.com 400
[debug] [2025-12-13T03:35:24.625Z] <<< [apiv2][body] GET https://serviceusage.googleapis.com/v1/projects//services/firebaseappdistribution.googleapis.com [omitted]
[debug] [2025-12-13T03:35:24.693Z] <<< [apiv2][status] GET https://serviceusage.googleapis.com/v1/projects//services/firebaseappdistribution.googleapis.com 400
[debug] [2025-12-13T03:35:24.693Z] <<< [apiv2][body] GET https://serviceusage.googleapis.com/v1/projects//services/firebaseappdistribution.googleapis.com [omitted]
[debug] [2025-12-13T03:35:24.742Z] > command requires scopes: ["email","openid","https://www.googleapis.com/auth/cloudplatformprojects.readonly","https://www.googleapis.com/auth/firebase","https://www.googleapis.com/auth/cloud-platform"]
[debug] [2025-12-13T03:35:24.743Z] > authorizing via signed-in user (hirohirohiro112607@gmail.com)
[debug] [2025-12-13T03:35:24.744Z] > command requires scopes: ["email","openid","https://www.googleapis.com/auth/cloudplatformprojects.readonly","https://www.googleapis.com/auth/firebase","https://www.googleapis.com/auth/cloud-platform"]
[debug] [2025-12-13T03:35:24.744Z] > authorizing via signed-in user (hirohirohiro112607@gmail.com)
[debug] [2025-12-13T03:35:24.886Z] > command requires scopes: ["email","openid","https://www.googleapis.com/auth/cloudplatformprojects.readonly","https://www.googleapis.com/auth/firebase","https://www.googleapis.com/auth/cloud-platform"]
[debug] [2025-12-13T03:35:24.886Z] > authorizing via signed-in user (hirohirohiro112607@gmail.com)
[debug] [2025-12-13T03:35:24.887Z] > command requires scopes: ["email","openid","https://www.googleapis.com/auth/cloudplatformprojects.readonly","https://www.googleapis.com/auth/firebase","https://www.googleapis.com/auth/cloud-platform"]
[debug] [2025-12-13T03:35:24.887Z] > authorizing via signed-in user (hirohirohiro112607@gmail.com)
[debug] [2025-12-16T09:18:44.608Z] > command requires scopes: ["email","openid","https://www.googleapis.com/auth/cloudplatformprojects.readonly","https://www.googleapis.com/auth/firebase","https://www.googleapis.com/auth/cloud-platform"]
[debug] [2025-12-16T09:18:44.612Z] > authorizing via signed-in user (hirohirohiro112607@gmail.com)
[debug] [2025-12-16T09:18:44.622Z] > command requires scopes: ["email","openid","https://www.googleapis.com/auth/cloudplatformprojects.readonly","https://www.googleapis.com/auth/firebase","https://www.googleapis.com/auth/cloud-platform"]
[debug] [2025-12-16T09:18:44.622Z] > authorizing via signed-in user (hirohirohiro112607@gmail.com)
[debug] [2025-12-16T09:18:44.646Z] Checked if tokens are valid: false, expires at: 1765600522765
[debug] [2025-12-16T09:18:44.647Z] Checked if tokens are valid: false, expires at: 1765600522765
[debug] [2025-12-16T09:18:44.647Z] > refreshing access token with scopes: []
[debug] [2025-12-16T09:18:44.648Z] >>> [apiv2][query] POST https://www.googleapis.com/oauth2/v3/token [none]
[debug] [2025-12-16T09:18:44.648Z] >>> [apiv2][body] POST https://www.googleapis.com/oauth2/v3/token [omitted]
[debug] [2025-12-16T09:18:44.650Z] Checked if tokens are valid: false, expires at: 1765600522765
[debug] [2025-12-16T09:18:44.650Z] Checked if tokens are valid: false, expires at: 1765600522765
[debug] [2025-12-16T09:18:44.650Z] > refreshing access token with scopes: []
[debug] [2025-12-16T09:18:44.650Z] >>> [apiv2][query] POST https://www.googleapis.com/oauth2/v3/token [none]
[debug] [2025-12-16T09:18:44.650Z] >>> [apiv2][body] POST https://www.googleapis.com/oauth2/v3/token [omitted]
[debug] [2025-12-16T09:18:44.796Z] <<< [apiv2][status] POST https://www.googleapis.com/oauth2/v3/token 200
[debug] [2025-12-16T09:18:44.796Z] <<< [apiv2][body] POST https://www.googleapis.com/oauth2/v3/token [omitted]
[debug] [2025-12-16T09:18:44.858Z] >>> [apiv2][query] GET https://serviceusage.googleapis.com/v1/projects//services/firebaseappdistribution.googleapis.com [none]
[debug] [2025-12-16T09:18:44.859Z] >>> [apiv2][(partial)header] GET https://serviceusage.googleapis.com/v1/projects//services/firebaseappdistribution.googleapis.com x-goog-quota-user=projects/
[debug] [2025-12-16T09:18:44.860Z] <<< [apiv2][status] POST https://www.googleapis.com/oauth2/v3/token 200
[debug] [2025-12-16T09:18:44.860Z] <<< [apiv2][body] POST https://www.googleapis.com/oauth2/v3/token [omitted]
[debug] [2025-12-16T09:18:44.917Z] >>> [apiv2][query] GET https://serviceusage.googleapis.com/v1/projects//services/firebaseappdistribution.googleapis.com [none]
[debug] [2025-12-16T09:18:44.917Z] >>> [apiv2][(partial)header] GET https://serviceusage.googleapis.com/v1/projects//services/firebaseappdistribution.googleapis.com x-goog-quota-user=projects/
[debug] [2025-12-16T09:18:45.762Z] <<< [apiv2][status] GET https://serviceusage.googleapis.com/v1/projects//services/firebaseappdistribution.googleapis.com 400
[debug] [2025-12-16T09:18:45.763Z] <<< [apiv2][body] GET https://serviceusage.googleapis.com/v1/projects//services/firebaseappdistribution.googleapis.com [omitted]
[debug] [2025-12-16T09:18:45.774Z] <<< [apiv2][status] GET https://serviceusage.googleapis.com/v1/projects//services/firebaseappdistribution.googleapis.com 400
[debug] [2025-12-16T09:18:45.774Z] <<< [apiv2][body] GET https://serviceusage.googleapis.com/v1/projects//services/firebaseappdistribution.googleapis.com [omitted]
[debug] [2025-12-16T09:18:45.818Z] > command requires scopes: ["email","openid","https://www.googleapis.com/auth/cloudplatformprojects.readonly","https://www.googleapis.com/auth/firebase","https://www.googleapis.com/auth/cloud-platform"]
[debug] [2025-12-16T09:18:45.819Z] > authorizing via signed-in user (hirohirohiro112607@gmail.com)
[debug] [2025-12-16T09:18:45.819Z] > command requires scopes: ["email","openid","https://www.googleapis.com/auth/cloudplatformprojects.readonly","https://www.googleapis.com/auth/firebase","https://www.googleapis.com/auth/cloud-platform"]
[debug] [2025-12-16T09:18:45.819Z] > authorizing via signed-in user (hirohirohiro112607@gmail.com)
[debug] [2025-12-16T09:18:45.867Z] > command requires scopes: ["email","openid","https://www.googleapis.com/auth/cloudplatformprojects.readonly","https://www.googleapis.com/auth/firebase","https://www.googleapis.com/auth/cloud-platform"]
[debug] [2025-12-16T09:18:45.867Z] > authorizing via signed-in user (hirohirohiro112607@gmail.com)
[debug] [2025-12-16T09:18:45.868Z] > command requires scopes: ["email","openid","https://www.googleapis.com/auth/cloudplatformprojects.readonly","https://www.googleapis.com/auth/firebase","https://www.googleapis.com/auth/cloud-platform"]
[debug] [2025-12-16T09:18:45.868Z] > authorizing via signed-in user (hirohirohiro112607@gmail.com)
